in_progress		model_training	model_training	master	schedule	23197734948	2m48s	2026-03-17T13:54:36Z
completed	failure	Learning Analytics	Learning Analytics	master	schedule	23195760948	3m25s	2026-03-17T13:08:58Z
completed	success	feature_pipeline	feature_pipeline	master	schedule	23195585313	3m2s	2026-03-17T13:04:37Z
completed	success	prediction_engine	prediction_engine	master	schedule	23194343388	2m55s	2026-03-17T12:32:47Z
completed	failure	model_training	model_training	master	schedule	23193119474	2m58s	2026-03-17T11:59:55Z
completed	success	feature_pipeline	feature_pipeline	master	schedule	23192443448	2m54s	2026-03-17T11:41:18Z
completed	success	prediction_engine	prediction_engine	master	schedule	23192000685	2m58s	2026-03-17T11:28:54Z
completed	failure	model_training	model_training	master	schedule	23191380913	2m56s	2026-03-17T11:11:48Z
completed	success	feature_pipeline	feature_pipeline	master	schedule	23190466843	2m57s	2026-03-17T10:47:24Z
completed	success	prediction_engine	prediction_engine	master	schedule	23189923977	2m54s	2026-03-17T10:33:09Z
completed	failure	model_training	model_training	master	schedule	23189097164	2m56s	2026-03-17T10:11:46Z
completed	success	feature_pipeline	feature_pipeline	master	schedule	23188360322	3m2s	2026-03-17T09:53:02Z
completed	success	prediction_engine	prediction_engine	master	schedule	23187763386	2m58s	2026-03-17T09:37:37Z
completed	failure	model_training	model_training	master	schedule	23186764704	2m54s	2026-03-17T09:12:11Z
completed	success	feature_pipeline	feature_pipeline	master	schedule	23185952593	3m2s	2026-03-17T08:50:19Z
completed	success	prediction_engine	prediction_engine	master	schedule	23185271656	3m3s	2026-03-17T08:30:49Z
completed	failure	model_training	model_training	master	schedule	23184419134	3m8s	2026-03-17T08:05:56Z
completed	success	prediction_engine	prediction_engine	master	schedule	23183639373	2m55s	2026-03-17T07:41:31Z
completed	success	feature_pipeline	feature_pipeline	master	schedule	23182563005	2m56s	2026-03-17T07:05:42Z
completed	failure	Learning Analytics	Learning Analytics	master	schedule	23182464712	3m2s	2026-03-17T07:02:21Z
